<?xml version="1.0" encoding="UTF-8"?>
<TestRun id="4149bde7-d2cb-4534-bc35-922ee32683e3" name="Jeff@MEGATRON 2010-06-13 16:43:44" runUser="Megatron\Jeff" xmlns="http://microsoft.com/schemas/VisualStudio/TeamTest/2010">
  <TestSettings name="Local" id="56af038c-9556-44d9-ab8d-01898a7ceee6">
    <Description>These are default test settings for a local test run.</Description>
    <Deployment userDeploymentRoot="C:\Users\Jeff\Documents\My Dropbox\JeffDev\JeffDev\LaunchLater\TestResults" useDefaultDeploymentRoot="false" enabled="false" runDeploymentRoot="Jeff_MEGATRON 2010-06-13 16_43_44">
      <DeploymentItem filename="C:\Users\Jeff\Documents\My Dropbox\JeffDev\JeffDev\LaunchLater\LaunchLaterOM\bin\Debug\LaunchLaterOM.dll" />
    </Deployment>
    <Execution>
      <TestTypeSpecific />
      <AgentRule name="Execution Agents">
      </AgentRule>
    </Execution>
  </TestSettings>
  <Times creation="2010-06-13T16:43:44.2388959-05:00" queuing="2010-06-13T16:43:44.5819155-05:00" start="2010-06-13T16:43:44.6809212-05:00" finish="2010-06-13T16:43:45.7249809-05:00" />
  <ResultSummary outcome="Completed">
    <Counters total="3" executed="3" passed="3" error="0" failed="0" timeout="0" aborted="0" inconclusive="0" passedButRunAborted="0" notRunnable="0" notExecuted="0" disconnected="0" warning="0" completed="0" inProgress="0" pending="0" />
  </ResultSummary>
  <TestDefinitions>
    <UnitTest name="TestConfigurationLoaded_Success" storage="c:\users\jeff\documents\my dropbox\jeffdev\jeffdev\launchlater\launchlaterunittests\bin\debug\launchlaterunittests.dll" id="ce1452c0-aa1d-2f96-9fe3-275496b94810">
      <Execution id="58731b56-5fd4-4962-9ddb-f01137fdd575" />
      <TestMethod codeBase="C:/Users/Jeff/Documents/My Dropbox/JeffDev/JeffDev/LaunchLater/LaunchLaterUnitTests/bin/Debug/LaunchLaterUnitTests.DLL" adapterTypeName="Microsoft.VisualStudio.TestTools.TestTypes.Unit.UnitTestAdapter, Microsoft.VisualStudio.QualityTools.Tips.UnitTest.Adapter, Version=10.0.0.0, Culture=neutral, PublicKeyToken=b03f5f7f11d50a3a" className="LaunchLaterUnitTests.LLApplicationManagerTests, LaunchLaterUnitTests, Version=1.0.0.0, Culture=neutral, PublicKeyToken=null" name="TestConfigurationLoaded_Success" />
    </UnitTest>
    <UnitTest name="TestAppDetectsItselfTryingToRun_Fail" storage="c:\users\jeff\documents\my dropbox\jeffdev\jeffdev\launchlater\launchlaterunittests\bin\debug\launchlaterunittests.dll" id="c8c31700-2714-c588-e344-2ddb6a3a82da">
      <Execution id="ab980c61-b8ae-404a-924e-09220983fbe4" />
      <TestMethod codeBase="C:/Users/Jeff/Documents/My Dropbox/JeffDev/JeffDev/LaunchLater/LaunchLaterUnitTests/bin/Debug/LaunchLaterUnitTests.DLL" adapterTypeName="Microsoft.VisualStudio.TestTools.TestTypes.Unit.UnitTestAdapter, Microsoft.VisualStudio.QualityTools.Tips.UnitTest.Adapter, Version=10.0.0.0, Culture=neutral, PublicKeyToken=b03f5f7f11d50a3a" className="LaunchLaterUnitTests.LLApplicationManagerTests, LaunchLaterUnitTests, Version=1.0.0.0, Culture=neutral, PublicKeyToken=null" name="TestAppDetectsItselfTryingToRun_Fail" />
    </UnitTest>
    <UnitTest name="TestAppDetectsItselfTryingToRun_Success" storage="c:\users\jeff\documents\my dropbox\jeffdev\jeffdev\launchlater\launchlaterunittests\bin\debug\launchlaterunittests.dll" id="60ed68ac-ba02-16e5-04da-c763bd3cfa97">
      <Execution id="c153711f-f571-4c03-bdee-609ab8a767cc" />
      <TestMethod codeBase="C:/Users/Jeff/Documents/My Dropbox/JeffDev/JeffDev/LaunchLater/LaunchLaterUnitTests/bin/Debug/LaunchLaterUnitTests.DLL" adapterTypeName="Microsoft.VisualStudio.TestTools.TestTypes.Unit.UnitTestAdapter, Microsoft.VisualStudio.QualityTools.Tips.UnitTest.Adapter, Version=10.0.0.0, Culture=neutral, PublicKeyToken=b03f5f7f11d50a3a" className="LaunchLaterUnitTests.LLApplicationManagerTests, LaunchLaterUnitTests, Version=1.0.0.0, Culture=neutral, PublicKeyToken=null" name="TestAppDetectsItselfTryingToRun_Success" />
    </UnitTest>
  </TestDefinitions>
  <TestLists>
    <TestList name="Results Not in a List" id="8c84fa94-04c1-424b-9868-57a2d4851a1d" />
    <TestList name="All Loaded Results" id="19431567-8539-422a-85d7-44ee4e166bda" />
  </TestLists>
  <TestEntries>
    <TestEntry testId="60ed68ac-ba02-16e5-04da-c763bd3cfa97" executionId="c153711f-f571-4c03-bdee-609ab8a767cc" testListId="8c84fa94-04c1-424b-9868-57a2d4851a1d" />
    <TestEntry testId="c8c31700-2714-c588-e344-2ddb6a3a82da" executionId="ab980c61-b8ae-404a-924e-09220983fbe4" testListId="8c84fa94-04c1-424b-9868-57a2d4851a1d" />
    <TestEntry testId="ce1452c0-aa1d-2f96-9fe3-275496b94810" executionId="58731b56-5fd4-4962-9ddb-f01137fdd575" testListId="8c84fa94-04c1-424b-9868-57a2d4851a1d" />
  </TestEntries>
  <Results>
    <UnitTestResult executionId="c153711f-f571-4c03-bdee-609ab8a767cc" testId="60ed68ac-ba02-16e5-04da-c763bd3cfa97" testName="TestAppDetectsItselfTryingToRun_Success" computerName="MEGATRON" duration="00:00:00.0789083" startTime="2010-06-13T16:43:44.7229236-05:00" endTime="2010-06-13T16:43:45.5299697-05:00" testType="13cdc9d9-ddb5-4fa4-a97d-d965ccfc6d4b" outcome="Passed" testListId="8c84fa94-04c1-424b-9868-57a2d4851a1d" relativeResultsDirectory="c153711f-f571-4c03-bdee-609ab8a767cc">
    </UnitTestResult>
    <UnitTestResult executionId="ab980c61-b8ae-404a-924e-09220983fbe4" testId="c8c31700-2714-c588-e344-2ddb6a3a82da" testName="TestAppDetectsItselfTryingToRun_Fail" computerName="MEGATRON" duration="00:00:00.0002766" startTime="2010-06-13T16:43:45.5309698-05:00" endTime="2010-06-13T16:43:45.5459707-05:00" testType="13cdc9d9-ddb5-4fa4-a97d-d965ccfc6d4b" outcome="Passed" testListId="8c84fa94-04c1-424b-9868-57a2d4851a1d" relativeResultsDirectory="ab980c61-b8ae-404a-924e-09220983fbe4">
    </UnitTestResult>
    <UnitTestResult executionId="58731b56-5fd4-4962-9ddb-f01137fdd575" testId="ce1452c0-aa1d-2f96-9fe3-275496b94810" testName="TestConfigurationLoaded_Success" computerName="MEGATRON" duration="00:00:00.0154936" startTime="2010-06-13T16:43:45.5479708-05:00" endTime="2010-06-13T16:43:45.5899732-05:00" testType="13cdc9d9-ddb5-4fa4-a97d-d965ccfc6d4b" outcome="Passed" testListId="8c84fa94-04c1-424b-9868-57a2d4851a1d" relativeResultsDirectory="58731b56-5fd4-4962-9ddb-f01137fdd575">
    </UnitTestResult>
  </Results>
</TestRun>