<?xml version="1.0" encoding="UTF-8"?>
<TestRun id="d56875d1-8bff-4856-85e6-b13930605943" name="Jeff@MEGATRON 2010-05-20 23:26:16" runUser="Megatron\Jeff" xmlns="http://microsoft.com/schemas/VisualStudio/TeamTest/2010">
  <TestSettings name="Local" id="56af038c-9556-44d9-ab8d-01898a7ceee6">
    <Description>These are default test settings for a local test run.</Description>
    <Deployment userDeploymentRoot="C:\Users\Jeff\Documents\My Dropbox\JeffDev\JeffDev\Dev\MS.Net\LaunchLater\TestResults" useDefaultDeploymentRoot="false" enabled="false" runDeploymentRoot="Jeff_MEGATRON 2010-05-20 23_26_16">
      <DeploymentItem filename="C:\Users\Jeff\Documents\My Dropbox\JeffDev\JeffDev\Dev\MS.Net\LaunchLater\LaunchLaterOM\bin\Debug\LaunchLaterOM.dll" />
    </Deployment>
    <Execution>
      <TestTypeSpecific />
      <AgentRule name="Execution Agents">
      </AgentRule>
    </Execution>
  </TestSettings>
  <Times creation="2010-05-20T23:26:16.8010628-05:00" queuing="2010-05-20T23:26:16.8090632-05:00" start="2010-05-20T23:26:16.8580660-05:00" finish="2010-05-20T23:26:17.6991142-05:00" />
  <ResultSummary outcome="Completed">
    <Counters total="5" executed="5" passed="5" error="0" failed="0" timeout="0" aborted="0" inconclusive="0" passedButRunAborted="0" notRunnable="0" notExecuted="0" disconnected="0" warning="0" completed="0" inProgress="0" pending="0" />
  </ResultSummary>
  <TestDefinitions>
    <UnitTest name="TestApplicationXMLLoaded_Success" storage="c:\users\jeff\documents\my dropbox\jeffdev\jeffdev\dev\ms.net\launchlater\launchlaterunittests\bin\debug\launchlaterunittests.dll" id="d281e286-241a-8adb-c242-41eb58fdb94d">
      <Execution id="566f511c-4278-4fae-b05c-b9c820cd4f72" />
      <TestMethod codeBase="C:/Users/Jeff/Documents/My Dropbox/JeffDev/JeffDev/Dev/MS.Net/LaunchLater/LaunchLaterUnitTests/bin/Debug/LaunchLaterUnitTests.DLL" adapterTypeName="Microsoft.VisualStudio.TestTools.TestTypes.Unit.UnitTestAdapter, Microsoft.VisualStudio.QualityTools.Tips.UnitTest.Adapter, Version=10.0.0.0, Culture=neutral, PublicKeyToken=b03f5f7f11d50a3a" className="LaunchLaterUnitTests.LLApplicationManagerTests, LaunchLaterUnitTests, Version=1.0.0.0, Culture=neutral, PublicKeyToken=null" name="TestApplicationXMLLoaded_Success" />
    </UnitTest>
    <UnitTest name="TestConfigurationLoaded_Success" storage="c:\users\jeff\documents\my dropbox\jeffdev\jeffdev\dev\ms.net\launchlater\launchlaterunittests\bin\debug\launchlaterunittests.dll" id="ce1452c0-aa1d-2f96-9fe3-275496b94810">
      <Execution id="216f009d-eaaf-4b80-8b86-5118f40efb76" />
      <TestMethod codeBase="C:/Users/Jeff/Documents/My Dropbox/JeffDev/JeffDev/Dev/MS.Net/LaunchLater/LaunchLaterUnitTests/bin/Debug/LaunchLaterUnitTests.DLL" adapterTypeName="Microsoft.VisualStudio.TestTools.TestTypes.Unit.UnitTestAdapter, Microsoft.VisualStudio.QualityTools.Tips.UnitTest.Adapter, Version=10.0.0.0, Culture=neutral, PublicKeyToken=b03f5f7f11d50a3a" className="LaunchLaterUnitTests.LLApplicationManagerTests, LaunchLaterUnitTests, Version=1.0.0.0, Culture=neutral, PublicKeyToken=null" name="TestConfigurationLoaded_Success" />
    </UnitTest>
    <UnitTest name="TestAppDetectsItselfTryingToRun_Fail" storage="c:\users\jeff\documents\my dropbox\jeffdev\jeffdev\dev\ms.net\launchlater\launchlaterunittests\bin\debug\launchlaterunittests.dll" id="c8c31700-2714-c588-e344-2ddb6a3a82da">
      <Execution id="c02fb8b8-a856-46a4-bc23-dd07c965980a" />
      <TestMethod codeBase="C:/Users/Jeff/Documents/My Dropbox/JeffDev/JeffDev/Dev/MS.Net/LaunchLater/LaunchLaterUnitTests/bin/Debug/LaunchLaterUnitTests.DLL" adapterTypeName="Microsoft.VisualStudio.TestTools.TestTypes.Unit.UnitTestAdapter, Microsoft.VisualStudio.QualityTools.Tips.UnitTest.Adapter, Version=10.0.0.0, Culture=neutral, PublicKeyToken=b03f5f7f11d50a3a" className="LaunchLaterUnitTests.LLApplicationManagerTests, LaunchLaterUnitTests, Version=1.0.0.0, Culture=neutral, PublicKeyToken=null" name="TestAppDetectsItselfTryingToRun_Fail" />
    </UnitTest>
    <UnitTest name="TestConfigurationLoaded_Fail" storage="c:\users\jeff\documents\my dropbox\jeffdev\jeffdev\dev\ms.net\launchlater\launchlaterunittests\bin\debug\launchlaterunittests.dll" id="e9938242-d1ec-2238-cfbd-361c404e8041">
      <Execution id="78fbd7f0-58a8-486a-a737-4ae5528f0e8b" />
      <TestMethod codeBase="C:/Users/Jeff/Documents/My Dropbox/JeffDev/JeffDev/Dev/MS.Net/LaunchLater/LaunchLaterUnitTests/bin/Debug/LaunchLaterUnitTests.DLL" adapterTypeName="Microsoft.VisualStudio.TestTools.TestTypes.Unit.UnitTestAdapter, Microsoft.VisualStudio.QualityTools.Tips.UnitTest.Adapter, Version=10.0.0.0, Culture=neutral, PublicKeyToken=b03f5f7f11d50a3a" className="LaunchLaterUnitTests.LLApplicationManagerTests, LaunchLaterUnitTests, Version=1.0.0.0, Culture=neutral, PublicKeyToken=null" name="TestConfigurationLoaded_Fail" />
    </UnitTest>
    <UnitTest name="TestAppDetectsItselfTryingToRun_Success" storage="c:\users\jeff\documents\my dropbox\jeffdev\jeffdev\dev\ms.net\launchlater\launchlaterunittests\bin\debug\launchlaterunittests.dll" id="60ed68ac-ba02-16e5-04da-c763bd3cfa97">
      <Execution id="8015d18d-1dc3-4d74-8896-846d9c270003" />
      <TestMethod codeBase="C:/Users/Jeff/Documents/My Dropbox/JeffDev/JeffDev/Dev/MS.Net/LaunchLater/LaunchLaterUnitTests/bin/Debug/LaunchLaterUnitTests.DLL" adapterTypeName="Microsoft.VisualStudio.TestTools.TestTypes.Unit.UnitTestAdapter, Microsoft.VisualStudio.QualityTools.Tips.UnitTest.Adapter, Version=10.0.0.0, Culture=neutral, PublicKeyToken=b03f5f7f11d50a3a" className="LaunchLaterUnitTests.LLApplicationManagerTests, LaunchLaterUnitTests, Version=1.0.0.0, Culture=neutral, PublicKeyToken=null" name="TestAppDetectsItselfTryingToRun_Success" />
    </UnitTest>
  </TestDefinitions>
  <TestLists>
    <TestList name="Results Not in a List" id="8c84fa94-04c1-424b-9868-57a2d4851a1d" />
    <TestList name="All Loaded Results" id="19431567-8539-422a-85d7-44ee4e166bda" />
  </TestLists>
  <TestEntries>
    <TestEntry testId="c8c31700-2714-c588-e344-2ddb6a3a82da" executionId="c02fb8b8-a856-46a4-bc23-dd07c965980a" testListId="8c84fa94-04c1-424b-9868-57a2d4851a1d" />
    <TestEntry testId="60ed68ac-ba02-16e5-04da-c763bd3cfa97" executionId="8015d18d-1dc3-4d74-8896-846d9c270003" testListId="8c84fa94-04c1-424b-9868-57a2d4851a1d" />
    <TestEntry testId="ce1452c0-aa1d-2f96-9fe3-275496b94810" executionId="216f009d-eaaf-4b80-8b86-5118f40efb76" testListId="8c84fa94-04c1-424b-9868-57a2d4851a1d" />
    <TestEntry testId="d281e286-241a-8adb-c242-41eb58fdb94d" executionId="566f511c-4278-4fae-b05c-b9c820cd4f72" testListId="8c84fa94-04c1-424b-9868-57a2d4851a1d" />
    <TestEntry testId="e9938242-d1ec-2238-cfbd-361c404e8041" executionId="78fbd7f0-58a8-486a-a737-4ae5528f0e8b" testListId="8c84fa94-04c1-424b-9868-57a2d4851a1d" />
  </TestEntries>
  <Results>
    <UnitTestResult executionId="c02fb8b8-a856-46a4-bc23-dd07c965980a" testId="c8c31700-2714-c588-e344-2ddb6a3a82da" testName="TestAppDetectsItselfTryingToRun_Fail" computerName="MEGATRON" duration="00:00:00.0192576" startTime="2010-05-20T23:26:16.8620663-05:00" endTime="2010-05-20T23:26:17.2480884-05:00" testType="13cdc9d9-ddb5-4fa4-a97d-d965ccfc6d4b" outcome="Passed" testListId="8c84fa94-04c1-424b-9868-57a2d4851a1d" relativeResultsDirectory="c02fb8b8-a856-46a4-bc23-dd07c965980a">
    </UnitTestResult>
    <UnitTestResult executionId="8015d18d-1dc3-4d74-8896-846d9c270003" testId="60ed68ac-ba02-16e5-04da-c763bd3cfa97" testName="TestAppDetectsItselfTryingToRun_Success" computerName="MEGATRON" duration="00:00:00.0012436" startTime="2010-05-20T23:26:17.2540887-05:00" endTime="2010-05-20T23:26:17.2890907-05:00" testType="13cdc9d9-ddb5-4fa4-a97d-d965ccfc6d4b" outcome="Passed" testListId="8c84fa94-04c1-424b-9868-57a2d4851a1d" relativeResultsDirectory="8015d18d-1dc3-4d74-8896-846d9c270003">
    </UnitTestResult>
    <UnitTestResult executionId="216f009d-eaaf-4b80-8b86-5118f40efb76" testId="ce1452c0-aa1d-2f96-9fe3-275496b94810" testName="TestConfigurationLoaded_Success" computerName="MEGATRON" duration="00:00:00.0294607" startTime="2010-05-20T23:26:17.3190924-05:00" endTime="2010-05-20T23:26:17.4140979-05:00" testType="13cdc9d9-ddb5-4fa4-a97d-d965ccfc6d4b" outcome="Passed" testListId="8c84fa94-04c1-424b-9868-57a2d4851a1d" relativeResultsDirectory="216f009d-eaaf-4b80-8b86-5118f40efb76">
    </UnitTestResult>
    <UnitTestResult executionId="566f511c-4278-4fae-b05c-b9c820cd4f72" testId="d281e286-241a-8adb-c242-41eb58fdb94d" testName="TestApplicationXMLLoaded_Success" computerName="MEGATRON" duration="00:00:00.0062135" startTime="2010-05-20T23:26:17.4190981-05:00" endTime="2010-05-20T23:26:17.4531001-05:00" testType="13cdc9d9-ddb5-4fa4-a97d-d965ccfc6d4b" outcome="Passed" testListId="8c84fa94-04c1-424b-9868-57a2d4851a1d" relativeResultsDirectory="566f511c-4278-4fae-b05c-b9c820cd4f72">
    </UnitTestResult>
    <UnitTestResult executionId="78fbd7f0-58a8-486a-a737-4ae5528f0e8b" testId="e9938242-d1ec-2238-cfbd-361c404e8041" testName="TestConfigurationLoaded_Fail" computerName="MEGATRON" duration="00:00:00.0728648" startTime="2010-05-20T23:26:17.4851019-05:00" endTime="2010-05-20T23:26:17.6041087-05:00" testType="13cdc9d9-ddb5-4fa4-a97d-d965ccfc6d4b" outcome="Passed" testListId="8c84fa94-04c1-424b-9868-57a2d4851a1d" relativeResultsDirectory="78fbd7f0-58a8-486a-a737-4ae5528f0e8b">
    </UnitTestResult>
  </Results>
</TestRun>