<?xml version="1.0" encoding="UTF-8"?>
<TestRun id="bface478-b47f-4ff6-a109-103c984971e6" name="Jeff@MEGATRON 2010-05-20 23:26:27" runUser="Megatron\Jeff" xmlns="http://microsoft.com/schemas/VisualStudio/TeamTest/2010">
  <TestSettings name="Local" id="56af038c-9556-44d9-ab8d-01898a7ceee6">
    <Description>These are default test settings for a local test run.</Description>
    <Deployment userDeploymentRoot="C:\Users\Jeff\Documents\My Dropbox\JeffDev\JeffDev\Dev\MS.Net\LaunchLater\TestResults" useDefaultDeploymentRoot="false" enabled="false" runDeploymentRoot="Jeff_MEGATRON 2010-05-20 23_26_27">
      <DeploymentItem filename="C:\Users\Jeff\Documents\My Dropbox\JeffDev\JeffDev\Dev\MS.Net\LaunchLater\LaunchLaterOM\bin\Debug\LaunchLaterOM.dll" />
    </Deployment>
    <Execution>
      <TestTypeSpecific />
      <AgentRule name="Execution Agents">
      </AgentRule>
    </Execution>
  </TestSettings>
  <Times creation="2010-05-20T23:26:27.3006633-05:00" queuing="2010-05-20T23:26:27.3256648-05:00" start="2010-05-20T23:26:27.3936686-05:00" finish="2010-05-20T23:26:27.9907028-05:00" />
  <ResultSummary outcome="Completed">
    <Counters total="5" executed="5" passed="5" error="0" failed="0" timeout="0" aborted="0" inconclusive="0" passedButRunAborted="0" notRunnable="0" notExecuted="0" disconnected="0" warning="0" completed="0" inProgress="0" pending="0" />
  </ResultSummary>
  <TestDefinitions>
    <UnitTest name="TestApplicationXMLLoaded_Success" storage="c:\users\jeff\documents\my dropbox\jeffdev\jeffdev\dev\ms.net\launchlater\launchlaterunittests\bin\debug\launchlaterunittests.dll" id="d281e286-241a-8adb-c242-41eb58fdb94d">
      <Execution id="6bd452ff-a435-411f-a195-1d6380ecb041" />
      <TestMethod codeBase="C:/Users/Jeff/Documents/My Dropbox/JeffDev/JeffDev/Dev/MS.Net/LaunchLater/LaunchLaterUnitTests/bin/Debug/LaunchLaterUnitTests.DLL" adapterTypeName="Microsoft.VisualStudio.TestTools.TestTypes.Unit.UnitTestAdapter, Microsoft.VisualStudio.QualityTools.Tips.UnitTest.Adapter, Version=10.0.0.0, Culture=neutral, PublicKeyToken=b03f5f7f11d50a3a" className="LaunchLaterUnitTests.LLApplicationManagerTests, LaunchLaterUnitTests, Version=1.0.0.0, Culture=neutral, PublicKeyToken=null" name="TestApplicationXMLLoaded_Success" />
    </UnitTest>
    <UnitTest name="TestConfigurationLoaded_Success" storage="c:\users\jeff\documents\my dropbox\jeffdev\jeffdev\dev\ms.net\launchlater\launchlaterunittests\bin\debug\launchlaterunittests.dll" id="ce1452c0-aa1d-2f96-9fe3-275496b94810">
      <Execution id="e8c8ff5c-5f10-4fbe-8650-330298fffa5f" />
      <TestMethod codeBase="C:/Users/Jeff/Documents/My Dropbox/JeffDev/JeffDev/Dev/MS.Net/LaunchLater/LaunchLaterUnitTests/bin/Debug/LaunchLaterUnitTests.DLL" adapterTypeName="Microsoft.VisualStudio.TestTools.TestTypes.Unit.UnitTestAdapter, Microsoft.VisualStudio.QualityTools.Tips.UnitTest.Adapter, Version=10.0.0.0, Culture=neutral, PublicKeyToken=b03f5f7f11d50a3a" className="LaunchLaterUnitTests.LLApplicationManagerTests, LaunchLaterUnitTests, Version=1.0.0.0, Culture=neutral, PublicKeyToken=null" name="TestConfigurationLoaded_Success" />
    </UnitTest>
    <UnitTest name="TestAppDetectsItselfTryingToRun_Fail" storage="c:\users\jeff\documents\my dropbox\jeffdev\jeffdev\dev\ms.net\launchlater\launchlaterunittests\bin\debug\launchlaterunittests.dll" id="c8c31700-2714-c588-e344-2ddb6a3a82da">
      <Execution id="884361f8-171f-4e70-bdc2-41a10b063dcd" />
      <TestMethod codeBase="C:/Users/Jeff/Documents/My Dropbox/JeffDev/JeffDev/Dev/MS.Net/LaunchLater/LaunchLaterUnitTests/bin/Debug/LaunchLaterUnitTests.DLL" adapterTypeName="Microsoft.VisualStudio.TestTools.TestTypes.Unit.UnitTestAdapter, Microsoft.VisualStudio.QualityTools.Tips.UnitTest.Adapter, Version=10.0.0.0, Culture=neutral, PublicKeyToken=b03f5f7f11d50a3a" className="LaunchLaterUnitTests.LLApplicationManagerTests, LaunchLaterUnitTests, Version=1.0.0.0, Culture=neutral, PublicKeyToken=null" name="TestAppDetectsItselfTryingToRun_Fail" />
    </UnitTest>
    <UnitTest name="TestConfigurationLoaded_Fail" storage="c:\users\jeff\documents\my dropbox\jeffdev\jeffdev\dev\ms.net\launchlater\launchlaterunittests\bin\debug\launchlaterunittests.dll" id="e9938242-d1ec-2238-cfbd-361c404e8041">
      <Execution id="fb41bb35-145f-4379-a5b8-2ed9c3b9b5c3" />
      <TestMethod codeBase="C:/Users/Jeff/Documents/My Dropbox/JeffDev/JeffDev/Dev/MS.Net/LaunchLater/LaunchLaterUnitTests/bin/Debug/LaunchLaterUnitTests.DLL" adapterTypeName="Microsoft.VisualStudio.TestTools.TestTypes.Unit.UnitTestAdapter, Microsoft.VisualStudio.QualityTools.Tips.UnitTest.Adapter, Version=10.0.0.0, Culture=neutral, PublicKeyToken=b03f5f7f11d50a3a" className="LaunchLaterUnitTests.LLApplicationManagerTests, LaunchLaterUnitTests, Version=1.0.0.0, Culture=neutral, PublicKeyToken=null" name="TestConfigurationLoaded_Fail" />
    </UnitTest>
    <UnitTest name="TestAppDetectsItselfTryingToRun_Success" storage="c:\users\jeff\documents\my dropbox\jeffdev\jeffdev\dev\ms.net\launchlater\launchlaterunittests\bin\debug\launchlaterunittests.dll" id="60ed68ac-ba02-16e5-04da-c763bd3cfa97">
      <Execution id="c936170c-79bd-4340-b39c-0020319cc56f" />
      <TestMethod codeBase="C:/Users/Jeff/Documents/My Dropbox/JeffDev/JeffDev/Dev/MS.Net/LaunchLater/LaunchLaterUnitTests/bin/Debug/LaunchLaterUnitTests.DLL" adapterTypeName="Microsoft.VisualStudio.TestTools.TestTypes.Unit.UnitTestAdapter, Microsoft.VisualStudio.QualityTools.Tips.UnitTest.Adapter, Version=10.0.0.0, Culture=neutral, PublicKeyToken=b03f5f7f11d50a3a" className="LaunchLaterUnitTests.LLApplicationManagerTests, LaunchLaterUnitTests, Version=1.0.0.0, Culture=neutral, PublicKeyToken=null" name="TestAppDetectsItselfTryingToRun_Success" />
    </UnitTest>
  </TestDefinitions>
  <TestLists>
    <TestList name="Results Not in a List" id="8c84fa94-04c1-424b-9868-57a2d4851a1d" />
    <TestList name="All Loaded Results" id="19431567-8539-422a-85d7-44ee4e166bda" />
  </TestLists>
  <TestEntries>
    <TestEntry testId="c8c31700-2714-c588-e344-2ddb6a3a82da" executionId="884361f8-171f-4e70-bdc2-41a10b063dcd" testListId="8c84fa94-04c1-424b-9868-57a2d4851a1d" />
    <TestEntry testId="60ed68ac-ba02-16e5-04da-c763bd3cfa97" executionId="c936170c-79bd-4340-b39c-0020319cc56f" testListId="8c84fa94-04c1-424b-9868-57a2d4851a1d" />
    <TestEntry testId="ce1452c0-aa1d-2f96-9fe3-275496b94810" executionId="e8c8ff5c-5f10-4fbe-8650-330298fffa5f" testListId="8c84fa94-04c1-424b-9868-57a2d4851a1d" />
    <TestEntry testId="d281e286-241a-8adb-c242-41eb58fdb94d" executionId="6bd452ff-a435-411f-a195-1d6380ecb041" testListId="8c84fa94-04c1-424b-9868-57a2d4851a1d" />
    <TestEntry testId="e9938242-d1ec-2238-cfbd-361c404e8041" executionId="fb41bb35-145f-4379-a5b8-2ed9c3b9b5c3" testListId="8c84fa94-04c1-424b-9868-57a2d4851a1d" />
  </TestEntries>
  <Results>
    <UnitTestResult executionId="884361f8-171f-4e70-bdc2-41a10b063dcd" testId="c8c31700-2714-c588-e344-2ddb6a3a82da" testName="TestAppDetectsItselfTryingToRun_Fail" computerName="MEGATRON" duration="00:00:00.0184362" startTime="2010-05-20T23:26:27.4206702-05:00" endTime="2010-05-20T23:26:27.8106925-05:00" testType="13cdc9d9-ddb5-4fa4-a97d-d965ccfc6d4b" outcome="Passed" testListId="8c84fa94-04c1-424b-9868-57a2d4851a1d" relativeResultsDirectory="884361f8-171f-4e70-bdc2-41a10b063dcd">
    </UnitTestResult>
    <UnitTestResult executionId="c936170c-79bd-4340-b39c-0020319cc56f" testId="60ed68ac-ba02-16e5-04da-c763bd3cfa97" testName="TestAppDetectsItselfTryingToRun_Success" computerName="MEGATRON" duration="00:00:00.0124315" startTime="2010-05-20T23:26:27.8316937-05:00" endTime="2010-05-20T23:26:27.8826966-05:00" testType="13cdc9d9-ddb5-4fa4-a97d-d965ccfc6d4b" outcome="Passed" testListId="8c84fa94-04c1-424b-9868-57a2d4851a1d" relativeResultsDirectory="c936170c-79bd-4340-b39c-0020319cc56f">
    </UnitTestResult>
    <UnitTestResult executionId="e8c8ff5c-5f10-4fbe-8650-330298fffa5f" testId="ce1452c0-aa1d-2f96-9fe3-275496b94810" testName="TestConfigurationLoaded_Success" computerName="MEGATRON" duration="00:00:00.0082970" startTime="2010-05-20T23:26:27.8986975-05:00" endTime="2010-05-20T23:26:27.9136984-05:00" testType="13cdc9d9-ddb5-4fa4-a97d-d965ccfc6d4b" outcome="Passed" testListId="8c84fa94-04c1-424b-9868-57a2d4851a1d" relativeResultsDirectory="e8c8ff5c-5f10-4fbe-8650-330298fffa5f">
    </UnitTestResult>
    <UnitTestResult executionId="6bd452ff-a435-411f-a195-1d6380ecb041" testId="d281e286-241a-8adb-c242-41eb58fdb94d" testName="TestApplicationXMLLoaded_Success" computerName="MEGATRON" duration="00:00:00.0038232" startTime="2010-05-20T23:26:27.9306994-05:00" endTime="2010-05-20T23:26:27.9427001-05:00" testType="13cdc9d9-ddb5-4fa4-a97d-d965ccfc6d4b" outcome="Passed" testListId="8c84fa94-04c1-424b-9868-57a2d4851a1d" relativeResultsDirectory="6bd452ff-a435-411f-a195-1d6380ecb041">
    </UnitTestResult>
    <UnitTestResult executionId="fb41bb35-145f-4379-a5b8-2ed9c3b9b5c3" testId="e9938242-d1ec-2238-cfbd-361c404e8041" testName="TestConfigurationLoaded_Fail" computerName="MEGATRON" duration="00:00:00.0138509" startTime="2010-05-20T23:26:27.9477003-05:00" endTime="2010-05-20T23:26:27.9677015-05:00" testType="13cdc9d9-ddb5-4fa4-a97d-d965ccfc6d4b" outcome="Passed" testListId="8c84fa94-04c1-424b-9868-57a2d4851a1d" relativeResultsDirectory="fb41bb35-145f-4379-a5b8-2ed9c3b9b5c3">
    </UnitTestResult>
  </Results>
</TestRun>